// Jest Snapshot v1, https://goo.gl/fbAQLP

exports[`it matches the snapshot 1`] = `
<div>
  <div
    style="transition: opacity '300ms' ease-in; opacity: 1; position: absolute; left: 50vw; top: 50vh; transform: translate(-50%, -50%); background: rgb(36, 36, 36); border-radius: 9px; width: 495px; height: 495px; display: flex; flex-direction: column; justify-content: center; align-items: center;"
  >
    <div>
      <svg
        fill="none"
        height="133"
        viewBox="0 0 199 133"
        width="199"
        xmlns="http://www.w3.org/2000/svg"
      >
        <line
          opacity="0"
          stroke="#B0B0B0"
          stroke-linecap="round"
          stroke-width="20"
          x1="10"
          x2="15"
          y1="67"
          y2="70.96"
        >
          <animate
            attributeName="x2"
            dur="0.5s"
            fill="freeze"
            repeatCount="1"
            values="10;15;20;25;30;35;40;45;50;55;60;65;70;73"
          />
          <animate
            attributeName="y2"
            dur="0.5s"
            fill="freeze"
            repeatCount="1"
            values="67;70.96;74.92;78.88;82.84;86.80;90.76;94.72;98.68;102.64;106.608;110.56;114.53;118.48;122.45"
          />
          <animate
            attributeName="opacity"
            dur="0.1s"
            fill="freeze"
            from="0"
            to="1"
          />
        </line>
        <line
          opacity="0"
          stroke="#B0B0B0"
          stroke-linecap="round"
          stroke-width="20"
          x1="73"
          x2="73"
          y1="123"
          y2="123"
        >
          <animate
            attributeName="x2"
            begin="0.5s"
            dur="0.5s"
            fill="freeze"
            repeatCount="1"
            values="73;83;93;103;113;123;133;143;153;163;173;183;188.008"
          />
          <animate
            attributeName="y2"
            begin="0.5s"
            dur="0.5s"
            fill="freeze"
            repeatCount="1"
            values="123;113;103;93;83;73;63;53;43;33;23;13;10"
          />
          <animate
            attributeName="opacity"
            begin="0.5s"
            dur="0s"
            fill="freeze"
            values="1"
          />
        </line>
      </svg>
    </div>
    <div
      style="margin-top: 75px; margin-left: -20px;"
    >
      <span
        style="font-family: Roboto; font-style: normal; font-weight: 500; font-size: 45px; line-height: 53px; color: rgb(174, 174, 174);"
      />
    </div>
  </div>
</div>
`;
